[www.codehiddenlanguage.com/index.html]
[backblue.gif]
[fade.gif]
[index.html]
[www.codehiddenlanguage.com/Code2Cover.jpg]
[www.codehiddenlanguage.com/apple-touch-icon.png]
[www.codehiddenlanguage.com/favicon-32x32.png]
[www.codehiddenlanguage.com/favicon-16x16.png]
[www.codehiddenlanguage.com/Chapter00/index.html]
[www.codehiddenlanguage.com/Chapter06/index.html]
[www.codehiddenlanguage.com/Chapter08/index.html]
[www.codehiddenlanguage.com/Chapter10/index.html]
[www.codehiddenlanguage.com/Chapter14/index.html]
[www.codehiddenlanguage.com/Chapter15/index.html]
[www.codehiddenlanguage.com/Chapter16/index.html]
[www.codehiddenlanguage.com/Chapter17/index.html]
[www.codehiddenlanguage.com/Chapter18/index.html]
[www.codehiddenlanguage.com/Chapter19/index.html]
[www.codehiddenlanguage.com/Chapter20/index.html]
[www.codehiddenlanguage.com/Chapter21/index.html]
[www.codehiddenlanguage.com/Chapter22/index.html]
[www.codehiddenlanguage.com/Chapter23/index.html]
[www.codehiddenlanguage.com/Chapter24/index.html]
[www.codehiddenlanguage.com/index.html]
[www.codehiddenlanguage.com/style.240618.css]
[www.codehiddenlanguage.com/site.html]
[www.codehiddenlanguage.com/Chapter00/index.html]
[www.codehiddenlanguage.com/Chapter27a/index.html]
[www.codehiddenlanguage.com/PropagatingLogicLib.240618.js]
[www.codehiddenlanguage.com/Chapter27b/index.html]
[www.codehiddenlanguage.com/PropagatingIoLib.240618.js]
[www.codehiddenlanguage.com/StructuredLayoutLib.240618.js]
[www.codehiddenlanguage.com/Chapter06/Chapter06SwitchesInSeries.json.js]
[www.codehiddenlanguage.com/Chapter06/Chapter06SwitchesInParallel.json.js]
[www.codehiddenlanguage.com/Chapter06/Chapter06KittenSelector.json.js]
[www.codehiddenlanguage.com/Chapter06/index.html]
[www.codehiddenlanguage.com/PropagatingRelayLib.240618.js]
[www.codehiddenlanguage.com/PropagatingGatesLib.240618.js]
[www.codehiddenlanguage.com/Chapter08/Chapter08LogicRelaysCommon.json.js]
[www.codehiddenlanguage.com/Chapter08/Chapter08AndLogicRelays.json.js]
[www.codehiddenlanguage.com/Chapter08/Chapter08OrLogicRelays.json.js]
[www.codehiddenlanguage.com/Chapter08/Chapter08KittenSelector.json.js]
[www.codehiddenlanguage.com/Chapter08/Chapter08NorLogicRelays.json.js]
[www.codehiddenlanguage.com/Chapter08/Chapter08NandLogicRelays.json.js]
[www.codehiddenlanguage.com/Chapter08/Chapter08FourBasicGates.json.js]
[www.codehiddenlanguage.com/Chapter08/Chapter08DeMorgansLaws.json.js]
[www.codehiddenlanguage.com/Chapter08/index.html]
[www.codehiddenlanguage.com/PropagatingAdvIoLib.240619.js]
[www.codehiddenlanguage.com/Chapter10/Chapter10ThreeToEightDecoder.json.js]
[www.codehiddenlanguage.com/Chapter10/Chapter10EightToThreeEncoder.json.js]
[www.codehiddenlanguage.com/Chapter10/index.html]
[www.codehiddenlanguage.com/Chapter14/Chapter14OneBitSummer.json.js]
[www.codehiddenlanguage.com/Chapter14/Chapter14OneBitSum.json.js]
[www.codehiddenlanguage.com/Chapter14/Chapter14OneBitHalfer.json.js]
[www.codehiddenlanguage.com/Chapter14/Chapter14OneBitHalfAdder.json.js]
[www.codehiddenlanguage.com/Chapter14/Chapter14OneBitFuller.json.js]
[www.codehiddenlanguage.com/Chapter14/Chapter14OneBitFullAdder.json.js]
[www.codehiddenlanguage.com/Chapter14/Chapter14EightBitComponent.json.js]
[www.codehiddenlanguage.com/Chapter14/Chapter14EightBitAdder.json.js]
[www.codehiddenlanguage.com/Chapter14/index.html]
[www.codehiddenlanguage.com/Chapter15/Chapter15OneBitHalferXor.json.js]
[www.codehiddenlanguage.com/Chapter15/Chapter15OneBitFullAdderXor.json.js]
[www.codehiddenlanguage.com/Chapter15/Chapter15OneBitSummer.json.js]
[www.codehiddenlanguage.com/Chapter15/Chapter15OneBitHalfer.json.js]
[www.codehiddenlanguage.com/Chapter15/Chapter15OneBitFuller.json.js]
[www.codehiddenlanguage.com/Chapter15/Chapter15OneBitFullAdder.json.js]
[www.codehiddenlanguage.com/Chapter15/Chapter15OneBitSummerMod.json.js]
[www.codehiddenlanguage.com/Chapter15/Chapter15OneBitHalferMod1.json.js]
[www.codehiddenlanguage.com/Chapter15/Chapter15OneBitHalferMod2.json.js]
[www.codehiddenlanguage.com/Chapter15/Chapter15OneBitFullerMod.json.js]
[www.codehiddenlanguage.com/Chapter15/Chapter15OneBitImproved.json.js]
[www.codehiddenlanguage.com/Chapter15/Chapter15FourBitComponent.json.js]
[www.codehiddenlanguage.com/Chapter15/Chapter15FourBitComponentUI.json.js]
[www.codehiddenlanguage.com/Chapter15/Chapter15FourBitAssemblage.json.js]
[www.codehiddenlanguage.com/Chapter15/index.html]
[www.codehiddenlanguage.com/Chapter16/Chapter16EightBitAddSubComponent.json.js]
[www.codehiddenlanguage.com/Chapter16/Chapter16EightBitAddSub.json.js]
[www.codehiddenlanguage.com/Chapter16/Chapter16TwosCompAdder.json.js]
[www.codehiddenlanguage.com/Chapter16/index.html]
[www.codehiddenlanguage.com/Chapter17/Chapter17OscillatingRelay.json.js]
[www.codehiddenlanguage.com/Chapter17/Chapter17FirstFlipFlop.json.js]
[www.codehiddenlanguage.com/Chapter17/Chapter17FlipFlopCoreRS.json.js]
[www.codehiddenlanguage.com/Chapter17/Chapter17RSFlipFlop.json.js]
[www.codehiddenlanguage.com/Chapter17/Chapter17FlipFlopCoreD.json.js]
[www.codehiddenlanguage.com/Chapter17/Chapter17HoldFlipFlop.json.js]
[www.codehiddenlanguage.com/Chapter17/Chapter17DTypeFlipFlop.json.js]
[www.codehiddenlanguage.com/Chapter17/Chapter17FlipFlopCoreEdge.json.js]
[www.codehiddenlanguage.com/Chapter17/Chapter17EdgeTriggeredFlipFlop.json.js]
[www.codehiddenlanguage.com/Chapter17/Chapter17EightBitAdderComponent.json.js]
[www.codehiddenlanguage.com/Chapter17/Chapter17EightBitAccumulatingAdder.json.js]
[www.codehiddenlanguage.com/Chapter17/Chapter17EightBitRippleComponent.json.js]
[www.codehiddenlanguage.com/Chapter17/Chapter17EightBitRippleCounter.json.js]
[www.codehiddenlanguage.com/Chapter17/Chapter17FlipFlopCoreDClear.json.js]
[www.codehiddenlanguage.com/Chapter17/Chapter17DTypeFlipFlopWithClear.json.js]
[www.codehiddenlanguage.com/Chapter17/Chapter17FlipFlopCoreClearPreset.json.js]
[www.codehiddenlanguage.com/Chapter17/Chapter17EdgeTriggeredFlipFlopWithClear.json.js]
[www.codehiddenlanguage.com/Chapter17/index.html]
[www.codehiddenlanguage.com/PropagatingBoxesLib.240618.js]
[www.codehiddenlanguage.com/PropagatingSemiconductorsLib.240618.js]
[www.codehiddenlanguage.com/Chapter18/Chapter18FlipFlop.json.js]
[www.codehiddenlanguage.com/Chapter18/Chapter18LowNoReset.json.js]
[www.codehiddenlanguage.com/Chapter18/Chapter18LowReset.json.js]
[www.codehiddenlanguage.com/Chapter18/Chapter18LowDigit.json.js]
[www.codehiddenlanguage.com/Chapter18/Chapter18HighDigit.json.js]
[www.codehiddenlanguage.com/Chapter18/Chapter18TwoDigits.json.js]
[www.codehiddenlanguage.com/Chapter18/Chapter18HoursCore.json.js]
[www.codehiddenlanguage.com/Chapter18/Chapter18Hours.json.js]
[www.codehiddenlanguage.com/Chapter18/Chapter18HoursLights.json.js]
[www.codehiddenlanguage.com/Chapter18/Chapter18AmPm.json.js]
[www.codehiddenlanguage.com/Chapter18/Chapter18Oscillator.json.js]
[www.codehiddenlanguage.com/Chapter18/Chapter18BinaryClock.json.js]
[www.codehiddenlanguage.com/Chapter18/Chapter18SettableBinaryClock.json.js]
[www.codehiddenlanguage.com/Chapter18/Chapter18BcdDecoder.json.js]
[www.codehiddenlanguage.com/Chapter18/Chapter18NixieDecoder.json.js]
[www.codehiddenlanguage.com/Chapter18/Chapter18NixieDisplay.json.js]
[www.codehiddenlanguage.com/Chapter18/Chapter18SevenSegmentDecoder.json.js]
[www.codehiddenlanguage.com/Chapter18/Chapter18SevenSegmentDisplay.json.js]
[www.codehiddenlanguage.com/Chapter18/Chapter18BcdGenerator.json.js]
[www.codehiddenlanguage.com/Chapter18/Chapter18DotMatrixEnable.json.js]
[www.codehiddenlanguage.com/Chapter18/Chapter18FlipFlop2.json.js]
[www.codehiddenlanguage.com/Chapter18/Chapter18FastOscillator.json.js]
[www.codehiddenlanguage.com/Chapter18/Chapter18DotMatrixColumnDecoder.json.js]
[www.codehiddenlanguage.com/Chapter18/Chapter18DotMatrixColumnSelect.json.js]
[www.codehiddenlanguage.com/Chapter18/Chapter18DotMatrixDisplay.json.js]
[www.codehiddenlanguage.com/Chapter18/index.html]
[www.codehiddenlanguage.com/Chapter19/Chapter19OneBitMemory.json.js]
[www.codehiddenlanguage.com/Chapter19/Chapter19MemoryBit.json.js]
[www.codehiddenlanguage.com/Chapter19/Chapter19MemoryBitIo.json.js]
[www.codehiddenlanguage.com/Chapter19/Chapter19EightBitMemory.json.js]
[www.codehiddenlanguage.com/Chapter19/Chapter19EightAnds.json.js]
[www.codehiddenlanguage.com/Chapter19/Chapter19ThreeToEightDecoder.json.js]
[www.codehiddenlanguage.com/Chapter19/Chapter19EightToOneSelector.json.js]
[www.codehiddenlanguage.com/Chapter19/Chapter19EightByOneRam.json.js]
[www.codehiddenlanguage.com/Chapter19/Chapter19MemoryCell.json.js]
[www.codehiddenlanguage.com/Chapter19/Chapter19OneByteMemory.json.js]
[www.codehiddenlanguage.com/Chapter19/Chapter19SixteenByEightArray.json.js]
[www.codehiddenlanguage.com/Chapter19/Chapter19FourToSixteenDecoder.json.js]
[www.codehiddenlanguage.com/Chapter19/Chapter19SixteenByEightRam.json.js]
[www.codehiddenlanguage.com/Chapter19/index.html]
[www.codehiddenlanguage.com/PropagatingMemoryLib.240618.js]
[www.codehiddenlanguage.com/PropagatingDataPathLib.240618.js]
[www.codehiddenlanguage.com/Chapter20/Chapter20OneByteAdder.json.js]
[www.codehiddenlanguage.com/Chapter20/Chapter20ThreeByteAdder.json.js]
[www.codehiddenlanguage.com/Chapter20/index.html]
[www.codehiddenlanguage.com/PropagatingAdvBoxesLib.240618.js]
[www.codehiddenlanguage.com/Chapter21/Chapter21AddSubtractUnit.json.js]
[www.codehiddenlanguage.com/Chapter21/Chapter21LogicUnit.json.js]
[www.codehiddenlanguage.com/Chapter21/Chapter21ArithmeticLogicUnit.json.js]
[www.codehiddenlanguage.com/Chapter21/index.html]
[www.codehiddenlanguage.com/Chapter22/Chapter22SimpleRegisterArray.json.js]
[www.codehiddenlanguage.com/Chapter22/Chapter22IncrementerDecrementerBit.json.js]
[www.codehiddenlanguage.com/Chapter22/Chapter22IncrementerDecrementerBitE.json.js]
[www.codehiddenlanguage.com/Chapter22/Chapter22IncrementerDecrementerBitF.json.js]
[www.codehiddenlanguage.com/Chapter22/Chapter22IncrementerDecrementer.json.js]
[www.codehiddenlanguage.com/Chapter22/Chapter22VersatileRegisterArray.json.js]
[www.codehiddenlanguage.com/Chapter22/index.html]
[www.codehiddenlanguage.com/PropagatingCpuBoxesLib.240618.js]
[www.codehiddenlanguage.com/Chapter23/Chapter23InstructionDecoder.json.js]
[www.codehiddenlanguage.com/Chapter23/Chapter23CPUCommon.json.js]
[www.codehiddenlanguage.com/Chapter23/Chapter23CentralProcessingUnit.json.js]
[www.codehiddenlanguage.com/Chapter23/index.html]
[www.codehiddenlanguage.com/Chapter24/Chapter24CentralProcessingUnit.json.js]
[www.codehiddenlanguage.com/Chapter24/index.html]
[www.codehiddenlanguage.com/Chapter27a/TestSuite.asm.js]
[www.codehiddenlanguage.com/Chapter27a/TestSuiteLowerCase.asm.js]
[www.codehiddenlanguage.com/Chapter27a/LocalStorageLib.240618.js]
[www.codehiddenlanguage.com/Chapter27a/I8080Emulator.240618.js]
[www.codehiddenlanguage.com/Chapter27a/I8080Assembler.240618.js]
[www.codehiddenlanguage.com/Chapter27a/EmulatorEditor.240618.js]
[www.codehiddenlanguage.com/Chapter27a/EmulatorEditorMenu.240618.js]
[www.codehiddenlanguage.com/Chapter27a/EmulatorMemory.240618.js]
[www.codehiddenlanguage.com/Chapter27a/EmulatorCPU.240618.js]
[www.codehiddenlanguage.com/Chapter27a/EmulatorConsole.240618.js]
[www.codehiddenlanguage.com/Chapter27a/EmulatorConnections.240618.js]
[www.codehiddenlanguage.com/Chapter27a/index.html]
[www.codehiddenlanguage.com/Chapter27b/DisplayingBasicInformation.html]
[www.codehiddenlanguage.com/Chapter27b/HandlingEvents.html]
[www.codehiddenlanguage.com/Chapter27b/ColorSelector.html]
[www.codehiddenlanguage.com/Chapter27b/HexadecimalCalculator.html]
[www.codehiddenlanguage.com/Chapter27b/DotMatrixClock.html]
[www.codehiddenlanguage.com/Chapter27b/DrawCircles.html]
[www.codehiddenlanguage.com/Chapter27b/LawOfCosines.html]
[www.codehiddenlanguage.com/Chapter27b/AnalogClock.html]
[www.codehiddenlanguage.com/Chapter27b/FourteenFifteenPuzzle.html]
[www.codehiddenlanguage.com/Chapter27b/SpinPaint.html]
[www.codehiddenlanguage.com/Chapter27b/LissajousCurves.html]
[www.codehiddenlanguage.com/Chapter27b/index.html]
[www.codehiddenlanguage.com/Chapter15/Chapter15OneBitHalferXor.json.html]
[www.codehiddenlanguage.com/Chapter19/Chapter19ThreeToEightDecoder.json.html]
[www.codehiddenlanguage.com/Chapter19/Chapter19EightToOneSelector.json.html]
[www.codehiddenlanguage.com/Chapter27b/DisplayingBasicInformation.html]
[www.codehiddenlanguage.com/Chapter27b/HandlingEvents.html]
[www.codehiddenlanguage.com/Chapter27b/ColorSelector.html]
[www.codehiddenlanguage.com/Chapter27b/HexadecimalCalculator.html]
[www.codehiddenlanguage.com/Chapter27b/DotMatrixClock.html]
[www.codehiddenlanguage.com/Chapter27b/DrawCircles.html]
[www.codehiddenlanguage.com/Chapter27b/LawOfCosines.html]
[www.codehiddenlanguage.com/Chapter27b/AnalogClock.html]
[www.codehiddenlanguage.com/Chapter27b/FourteenFifteenPuzzle.html]
[www.codehiddenlanguage.com/Chapter27b/SpinPaint.html]
[www.codehiddenlanguage.com/Chapter27b/LissajousCurves.html]
